------------------------------------------------------------
Timing Analyzer Summary
------------------------------------------------------------

Type  : Slow 1200mV 85C Model Setup 'CLOCK_50'
Slack : -10.556
TNS   : -12222.987

Type  : Slow 1200mV 85C Model Hold 'CLOCK_50'
Slack : 0.404
TNS   : 0.000

Type  : Slow 1200mV 85C Model Recovery 'SW[0]'
Slack : -0.560
TNS   : -0.560

Type  : Slow 1200mV 85C Model Removal 'SW[0]'
Slack : 0.487
TNS   : 0.000

Type  : Slow 1200mV 85C Model Minimum Pulse Width 'CLOCK_50'
Slack : -3.000
TNS   : -2440.645

Type  : Slow 1200mV 85C Model Minimum Pulse Width 'SW[0]'
Slack : -3.000
TNS   : -4.285

Type  : Slow 1200mV 0C Model Setup 'CLOCK_50'
Slack : -9.657
TNS   : -11097.596

Type  : Slow 1200mV 0C Model Hold 'CLOCK_50'
Slack : 0.356
TNS   : 0.000

Type  : Slow 1200mV 0C Model Recovery 'SW[0]'
Slack : -0.243
TNS   : -0.243

Type  : Slow 1200mV 0C Model Removal 'SW[0]'
Slack : 0.267
TNS   : 0.000

Type  : Slow 1200mV 0C Model Minimum Pulse Width 'CLOCK_50'
Slack : -3.000
TNS   : -2440.645

Type  : Slow 1200mV 0C Model Minimum Pulse Width 'SW[0]'
Slack : -3.000
TNS   : -4.285

Type  : Fast 1200mV 0C Model Setup 'CLOCK_50'
Slack : -4.851
TNS   : -5237.365

Type  : Fast 1200mV 0C Model Hold 'CLOCK_50'
Slack : 0.184
TNS   : 0.000

Type  : Fast 1200mV 0C Model Recovery 'SW[0]'
Slack : 0.129
TNS   : 0.000

Type  : Fast 1200mV 0C Model Removal 'SW[0]'
Slack : 0.254
TNS   : 0.000

Type  : Fast 1200mV 0C Model Minimum Pulse Width 'CLOCK_50'
Slack : -3.000
TNS   : -2443.785

Type  : Fast 1200mV 0C Model Minimum Pulse Width 'SW[0]'
Slack : -3.000
TNS   : -4.503

------------------------------------------------------------
