------------------------------------------------------------
Timing Analyzer Summary
------------------------------------------------------------

Type  : Slow 1200mV 85C Model Setup 'CLOCK_50'
Slack : -11.865
TNS   : -12593.673

Type  : Slow 1200mV 85C Model Hold 'CLOCK_50'
Slack : 0.404
TNS   : 0.000

Type  : Slow 1200mV 85C Model Recovery 'SW[0]'
Slack : -0.752
TNS   : -0.752

Type  : Slow 1200mV 85C Model Removal 'SW[0]'
Slack : 0.262
TNS   : 0.000

Type  : Slow 1200mV 85C Model Minimum Pulse Width 'CLOCK_50'
Slack : -3.000
TNS   : -2443.215

Type  : Slow 1200mV 85C Model Minimum Pulse Width 'SW[0]'
Slack : -3.000
TNS   : -4.285

Type  : Slow 1200mV 0C Model Setup 'CLOCK_50'
Slack : -10.881
TNS   : -11423.972

Type  : Slow 1200mV 0C Model Hold 'CLOCK_50'
Slack : 0.356
TNS   : 0.000

Type  : Slow 1200mV 0C Model Recovery 'SW[0]'
Slack : -0.421
TNS   : -0.421

Type  : Slow 1200mV 0C Model Removal 'SW[0]'
Slack : 0.027
TNS   : 0.000

Type  : Slow 1200mV 0C Model Minimum Pulse Width 'CLOCK_50'
Slack : -3.000
TNS   : -2443.215

Type  : Slow 1200mV 0C Model Minimum Pulse Width 'SW[0]'
Slack : -3.000
TNS   : -4.285

Type  : Fast 1200mV 0C Model Setup 'CLOCK_50'
Slack : -5.463
TNS   : -5430.399

Type  : Fast 1200mV 0C Model Hold 'CLOCK_50'
Slack : 0.183
TNS   : 0.000

Type  : Fast 1200mV 0C Model Recovery 'SW[0]'
Slack : 0.080
TNS   : 0.000

Type  : Fast 1200mV 0C Model Removal 'SW[0]'
Slack : 0.122
TNS   : 0.000

Type  : Fast 1200mV 0C Model Minimum Pulse Width 'CLOCK_50'
Slack : -3.000
TNS   : -2449.994

Type  : Fast 1200mV 0C Model Minimum Pulse Width 'SW[0]'
Slack : -3.000
TNS   : -4.489

------------------------------------------------------------
