------------------------------------------------------------
Timing Analyzer Summary
------------------------------------------------------------

Type  : Slow 1200mV 85C Model Setup 'CLOCK_50'
Slack : -10.647
TNS   : -12281.326

Type  : Slow 1200mV 85C Model Hold 'CLOCK_50'
Slack : 0.403
TNS   : 0.000

Type  : Slow 1200mV 85C Model Recovery 'SW[0]'
Slack : -0.555
TNS   : -0.555

Type  : Slow 1200mV 85C Model Removal 'SW[0]'
Slack : 0.614
TNS   : 0.000

Type  : Slow 1200mV 85C Model Minimum Pulse Width 'CLOCK_50'
Slack : -3.000
TNS   : -2444.500

Type  : Slow 1200mV 85C Model Minimum Pulse Width 'SW[0]'
Slack : -3.000
TNS   : -4.285

Type  : Slow 1200mV 0C Model Setup 'CLOCK_50'
Slack : -9.723
TNS   : -11121.934

Type  : Slow 1200mV 0C Model Hold 'CLOCK_50'
Slack : 0.356
TNS   : 0.000

Type  : Slow 1200mV 0C Model Recovery 'SW[0]'
Slack : -0.261
TNS   : -0.261

Type  : Slow 1200mV 0C Model Removal 'SW[0]'
Slack : 0.338
TNS   : 0.000

Type  : Slow 1200mV 0C Model Minimum Pulse Width 'CLOCK_50'
Slack : -3.000
TNS   : -2444.500

Type  : Slow 1200mV 0C Model Minimum Pulse Width 'SW[0]'
Slack : -3.000
TNS   : -4.285

Type  : Fast 1200mV 0C Model Setup 'CLOCK_50'
Slack : -4.802
TNS   : -5221.461

Type  : Fast 1200mV 0C Model Hold 'CLOCK_50'
Slack : 0.183
TNS   : 0.000

Type  : Fast 1200mV 0C Model Recovery 'SW[0]'
Slack : 0.100
TNS   : 0.000

Type  : Fast 1200mV 0C Model Removal 'SW[0]'
Slack : 0.247
TNS   : 0.000

Type  : Fast 1200mV 0C Model Minimum Pulse Width 'CLOCK_50'
Slack : -3.000
TNS   : -2448.639

Type  : Fast 1200mV 0C Model Minimum Pulse Width 'SW[0]'
Slack : -3.000
TNS   : -4.681

------------------------------------------------------------
