Analysis & Synthesis report for relogio
Tue Oct 15 16:05:07 2019
Quartus Prime Version 18.1.0 Build 625 09/12/2018 SJ Lite Edition


---------------------
; Table of Contents ;
---------------------
  1. Legal Notice
  2. Analysis & Synthesis Summary
  3. Analysis & Synthesis Settings
  4. Parallel Compilation
  5. Analysis & Synthesis Source Files Read
  6. Analysis & Synthesis Resource Usage Summary
  7. Analysis & Synthesis Resource Utilization by Entity
  8. Registers Removed During Synthesis
  9. General Register Statistics
 10. Multiplexer Restructuring Statistics (Restructuring Performed)
 11. Parameter Settings for User Entity Instance: Top-level Entity: |relogio
 12. Parameter Settings for User Entity Instance: cpu:CPU
 13. Parameter Settings for User Entity Instance: cpu:CPU|acumulador:ACUMULADOR
 14. Parameter Settings for User Entity Instance: cpu:CPU|rom:ROM
 15. Parameter Settings for User Entity Instance: cpu:CPU|mux2x1:MUXIMEDIATO
 16. Parameter Settings for User Entity Instance: cpu:CPU|somador:SOMADOR
 17. Parameter Settings for User Entity Instance: cpu:CPU|mux2x1:MUXJUMP
 18. Parameter Settings for User Entity Instance: cpu:CPU|pc:PC
 19. Parameter Settings for User Entity Instance: cpu:CPU|ula:ULA
 20. Parameter Settings for User Entity Instance: ram:RAM
 21. Parameter Settings for User Entity Instance: divisorGenerico:BASE_TEMPO
 22. Parameter Settings for User Entity Instance: divisorGenerico:BASE_TEMPO2
 23. Port Connectivity Checks: "flipflopReset:FFreset"
 24. Port Connectivity Checks: "mux1bit:MUXBtRam"
 25. Port Connectivity Checks: "ram:RAM"
 26. Port Connectivity Checks: "conversorHex7Seg:DISPLAY7"
 27. Post-Synthesis Netlist Statistics for Top Partition
 28. Elapsed Time Per Partition
 29. Analysis & Synthesis Messages



----------------
; Legal Notice ;
----------------
Copyright (C) 2018  Intel Corporation. All rights reserved.
Your use of Intel Corporation's design tools, logic functions 
and other software and tools, and its AMPP partner logic 
functions, and any output files from any of the foregoing 
(including device programming or simulation files), and any 
associated documentation or information are expressly subject 
to the terms and conditions of the Intel Program License 
Subscription Agreement, the Intel Quartus Prime License Agreement,
the Intel FPGA IP License Agreement, or other applicable license
agreement, including, without limitation, that your use is for
the sole purpose of programming logic devices manufactured by
Intel and sold by Intel or its authorized distributors.  Please
refer to the applicable agreement for further details.



+----------------------------------------------------------------------------------+
; Analysis & Synthesis Summary                                                     ;
+------------------------------------+---------------------------------------------+
; Analysis & Synthesis Status        ; Successful - Tue Oct 15 16:05:07 2019       ;
; Quartus Prime Version              ; 18.1.0 Build 625 09/12/2018 SJ Lite Edition ;
; Revision Name                      ; relogio                                     ;
; Top-level Entity Name              ; relogio                                     ;
; Family                             ; Cyclone IV E                                ;
; Total logic elements               ; 3,559                                       ;
;     Total combinational functions  ; 1,727                                       ;
;     Dedicated logic registers      ; 1,898                                       ;
; Total registers                    ; 1898                                        ;
; Total pins                         ; 76                                          ;
; Total virtual pins                 ; 0                                           ;
; Total memory bits                  ; 0                                           ;
; Embedded Multiplier 9-bit elements ; 0                                           ;
; Total PLLs                         ; 0                                           ;
+------------------------------------+---------------------------------------------+


+------------------------------------------------------------------------------------------------------------+
; Analysis & Synthesis Settings                                                                              ;
+------------------------------------------------------------------+--------------------+--------------------+
; Option                                                           ; Setting            ; Default Value      ;
+------------------------------------------------------------------+--------------------+--------------------+
; Device                                                           ; EP4CE115F29C7      ;                    ;
; Top-level entity name                                            ; relogio            ; relogio            ;
; Family name                                                      ; Cyclone IV E       ; Cyclone V          ;
; Maximum processors allowed for parallel compilation              ; 4                  ;                    ;
; VHDL Show LMF Mapping Messages                                   ; Off                ;                    ;
; VHDL Version                                                     ; VHDL_2008          ; VHDL_1993          ;
; Use smart compilation                                            ; Off                ; Off                ;
; Enable parallel Assembler and Timing Analyzer during compilation ; On                 ; On                 ;
; Enable compact report table                                      ; Off                ; Off                ;
; Restructure Multiplexers                                         ; Auto               ; Auto               ;
; Create Debugging Nodes for IP Cores                              ; Off                ; Off                ;
; Preserve fewer node names                                        ; On                 ; On                 ;
; Intel FPGA IP Evaluation Mode                                    ; Enable             ; Enable             ;
; Verilog Version                                                  ; Verilog_2001       ; Verilog_2001       ;
; State Machine Processing                                         ; Auto               ; Auto               ;
; Safe State Machine                                               ; Off                ; Off                ;
; Extract Verilog State Machines                                   ; On                 ; On                 ;
; Extract VHDL State Machines                                      ; On                 ; On                 ;
; Ignore Verilog initial constructs                                ; Off                ; Off                ;
; Iteration limit for constant Verilog loops                       ; 5000               ; 5000               ;
; Iteration limit for non-constant Verilog loops                   ; 250                ; 250                ;
; Add Pass-Through Logic to Inferred RAMs                          ; On                 ; On                 ;
; Infer RAMs from Raw Logic                                        ; On                 ; On                 ;
; Parallel Synthesis                                               ; On                 ; On                 ;
; DSP Block Balancing                                              ; Auto               ; Auto               ;
; NOT Gate Push-Back                                               ; On                 ; On                 ;
; Power-Up Don't Care                                              ; On                 ; On                 ;
; Remove Redundant Logic Cells                                     ; Off                ; Off                ;
; Remove Duplicate Registers                                       ; On                 ; On                 ;
; Ignore CARRY Buffers                                             ; Off                ; Off                ;
; Ignore CASCADE Buffers                                           ; Off                ; Off                ;
; Ignore GLOBAL Buffers                                            ; Off                ; Off                ;
; Ignore ROW GLOBAL Buffers                                        ; Off                ; Off                ;
; Ignore LCELL Buffers                                             ; Off                ; Off                ;
; Ignore SOFT Buffers                                              ; On                 ; On                 ;
; Limit AHDL Integers to 32 Bits                                   ; Off                ; Off                ;
; Optimization Technique                                           ; Balanced           ; Balanced           ;
; Carry Chain Length                                               ; 70                 ; 70                 ;
; Auto Carry Chains                                                ; On                 ; On                 ;
; Auto Open-Drain Pins                                             ; On                 ; On                 ;
; Perform WYSIWYG Primitive Resynthesis                            ; Off                ; Off                ;
; Auto ROM Replacement                                             ; On                 ; On                 ;
; Auto RAM Replacement                                             ; On                 ; On                 ;
; Auto DSP Block Replacement                                       ; On                 ; On                 ;
; Auto Shift Register Replacement                                  ; Auto               ; Auto               ;
; Allow Shift Register Merging across Hierarchies                  ; Auto               ; Auto               ;
; Auto Clock Enable Replacement                                    ; On                 ; On                 ;
; Strict RAM Replacement                                           ; Off                ; Off                ;
; Allow Synchronous Control Signals                                ; On                 ; On                 ;
; Force Use of Synchronous Clear Signals                           ; Off                ; Off                ;
; Auto RAM Block Balancing                                         ; On                 ; On                 ;
; Auto RAM to Logic Cell Conversion                                ; Off                ; Off                ;
; Auto Resource Sharing                                            ; Off                ; Off                ;
; Allow Any RAM Size For Recognition                               ; Off                ; Off                ;
; Allow Any ROM Size For Recognition                               ; Off                ; Off                ;
; Allow Any Shift Register Size For Recognition                    ; Off                ; Off                ;
; Use LogicLock Constraints during Resource Balancing              ; On                 ; On                 ;
; Ignore translate_off and synthesis_off directives                ; Off                ; Off                ;
; Timing-Driven Synthesis                                          ; On                 ; On                 ;
; Report Parameter Settings                                        ; On                 ; On                 ;
; Report Source Assignments                                        ; On                 ; On                 ;
; Report Connectivity Checks                                       ; On                 ; On                 ;
; Ignore Maximum Fan-Out Assignments                               ; Off                ; Off                ;
; Synchronization Register Chain Length                            ; 2                  ; 2                  ;
; Power Optimization During Synthesis                              ; Normal compilation ; Normal compilation ;
; HDL message level                                                ; Level2             ; Level2             ;
; Suppress Register Optimization Related Messages                  ; Off                ; Off                ;
; Number of Removed Registers Reported in Synthesis Report         ; 5000               ; 5000               ;
; Number of Swept Nodes Reported in Synthesis Report               ; 5000               ; 5000               ;
; Number of Inverted Registers Reported in Synthesis Report        ; 100                ; 100                ;
; Clock MUX Protection                                             ; On                 ; On                 ;
; Auto Gated Clock Conversion                                      ; Off                ; Off                ;
; Block Design Naming                                              ; Auto               ; Auto               ;
; SDC constraint protection                                        ; Off                ; Off                ;
; Synthesis Effort                                                 ; Auto               ; Auto               ;
; Shift Register Replacement - Allow Asynchronous Clear Signal     ; On                 ; On                 ;
; Pre-Mapping Resynthesis Optimization                             ; Off                ; Off                ;
; Analysis & Synthesis Message Level                               ; Medium             ; Medium             ;
; Disable Register Merging Across Hierarchies                      ; Auto               ; Auto               ;
; Resource Aware Inference For Block RAM                           ; On                 ; On                 ;
+------------------------------------------------------------------+--------------------+--------------------+


+------------------------------------------+
; Parallel Compilation                     ;
+----------------------------+-------------+
; Processors                 ; Number      ;
+----------------------------+-------------+
; Number detected on machine ; 8           ;
; Maximum allowed            ; 4           ;
;                            ;             ;
; Average used               ; 1.00        ;
; Maximum used               ; 4           ;
;                            ;             ;
; Usage by Processor         ; % Time Used ;
;     Processor 1            ; 100.0%      ;
;     Processor 2            ;   0.1%      ;
;     Processor 3            ;   0.1%      ;
;     Processor 4            ;   0.1%      ;
+----------------------------+-------------+


+--------------------------------------------------------------------------------------------------------------------------------------------------+
; Analysis & Synthesis Source Files Read                                                                                                           ;
+----------------------------------+-----------------+-----------------+-----------------------------------------------------------------+---------+
; File Name with User-Entered Path ; Used in Netlist ; File Type       ; File Name with Absolute Path                                    ; Library ;
+----------------------------------+-----------------+-----------------+-----------------------------------------------------------------+---------+
; conversorHex7Seg.vhd             ; yes             ; User VHDL File  ; /home/arqcomp/Documents/Project_Clock/vhdl/conversorHex7Seg.vhd ;         ;
; decoder.vhd                      ; yes             ; User VHDL File  ; /home/arqcomp/Documents/Project_Clock/vhdl/decoder.vhd          ;         ;
; relogio.vhd                      ; yes             ; User VHDL File  ; /home/arqcomp/Documents/Project_Clock/vhdl/relogio.vhd          ;         ;
; pc.vhd                           ; yes             ; User VHDL File  ; /home/arqcomp/Documents/Project_Clock/vhdl/pc.vhd               ;         ;
; ula.vhd                          ; yes             ; User VHDL File  ; /home/arqcomp/Documents/Project_Clock/vhdl/ula.vhd              ;         ;
; somador.vhd                      ; yes             ; User VHDL File  ; /home/arqcomp/Documents/Project_Clock/vhdl/somador.vhd          ;         ;
; mux.vhd                          ; yes             ; User VHDL File  ; /home/arqcomp/Documents/Project_Clock/vhdl/mux.vhd              ;         ;
; flipflop.vhd                     ; yes             ; User VHDL File  ; /home/arqcomp/Documents/Project_Clock/vhdl/flipflop.vhd         ;         ;
; cpu.vhd                          ; yes             ; User VHDL File  ; /home/arqcomp/Documents/Project_Clock/vhdl/cpu.vhd              ;         ;
; acumulador.vhd                   ; yes             ; User VHDL File  ; /home/arqcomp/Documents/Project_Clock/vhdl/acumulador.vhd       ;         ;
; rom.vhd                          ; yes             ; User VHDL File  ; /home/arqcomp/Documents/Project_Clock/vhdl/rom.vhd              ;         ;
; ram.vhd                          ; yes             ; User VHDL File  ; /home/arqcomp/Documents/Project_Clock/vhdl/ram.vhd              ;         ;
; divisorGenerico.vhd              ; yes             ; User VHDL File  ; /home/arqcomp/Documents/Project_Clock/vhdl/divisorGenerico.vhd  ;         ;
; flipflopReset.vhd                ; yes             ; User VHDL File  ; /home/arqcomp/Documents/Project_Clock/vhdl/flipflopReset.vhd    ;         ;
; mux1bit.vhd                      ; yes             ; User VHDL File  ; /home/arqcomp/Documents/Project_Clock/vhdl/mux1bit.vhd          ;         ;
+----------------------------------+-----------------+-----------------+-----------------------------------------------------------------+---------+


+--------------------------------------------------------------+
; Analysis & Synthesis Resource Usage Summary                  ;
+---------------------------------------------+----------------+
; Resource                                    ; Usage          ;
+---------------------------------------------+----------------+
; Estimated Total logic elements              ; 3,559          ;
;                                             ;                ;
; Total combinational functions               ; 1727           ;
; Logic element usage by number of LUT inputs ;                ;
;     -- 4 input functions                    ; 1363           ;
;     -- 3 input functions                    ; 284            ;
;     -- <=2 input functions                  ; 80             ;
;                                             ;                ;
; Logic elements by mode                      ;                ;
;     -- normal mode                          ; 1675           ;
;     -- arithmetic mode                      ; 52             ;
;                                             ;                ;
; Total registers                             ; 1898           ;
;     -- Dedicated logic registers            ; 1898           ;
;     -- I/O registers                        ; 0              ;
;                                             ;                ;
; I/O pins                                    ; 76             ;
;                                             ;                ;
; Embedded Multiplier 9-bit elements          ; 0              ;
;                                             ;                ;
; Maximum fan-out node                        ; CLOCK_50~input ;
; Maximum fan-out                             ; 1897           ;
; Total fan-out                               ; 12269          ;
; Average fan-out                             ; 3.25           ;
+---------------------------------------------+----------------+


+----------------------------------------------------------------------------------------------------------------------------------------------------------------------------------------------------------------------------------------+
; Analysis & Synthesis Resource Utilization by Entity                                                                                                                                                                                    ;
+----------------------------------+---------------------+---------------------------+-------------+--------------+---------+-----------+------+--------------+----------------------------------------+------------------+--------------+
; Compilation Hierarchy Node       ; Combinational ALUTs ; Dedicated Logic Registers ; Memory Bits ; DSP Elements ; DSP 9x9 ; DSP 18x18 ; Pins ; Virtual Pins ; Full Hierarchy Name                    ; Entity Name      ; Library Name ;
+----------------------------------+---------------------+---------------------------+-------------+--------------+---------+-----------+------+--------------+----------------------------------------+------------------+--------------+
; |relogio                         ; 1727 (0)            ; 1898 (0)                  ; 0           ; 0            ; 0       ; 0         ; 76   ; 0            ; |relogio                               ; relogio          ; work         ;
;    |conversorHex7Seg:DISPLAY1|   ; 7 (7)               ; 7 (7)                     ; 0           ; 0            ; 0       ; 0         ; 0    ; 0            ; |relogio|conversorHex7Seg:DISPLAY1     ; conversorHex7Seg ; work         ;
;    |conversorHex7Seg:DISPLAY2|   ; 0 (0)               ; 7 (7)                     ; 0           ; 0            ; 0       ; 0         ; 0    ; 0            ; |relogio|conversorHex7Seg:DISPLAY2     ; conversorHex7Seg ; work         ;
;    |conversorHex7Seg:DISPLAY3|   ; 0 (0)               ; 7 (7)                     ; 0           ; 0            ; 0       ; 0         ; 0    ; 0            ; |relogio|conversorHex7Seg:DISPLAY3     ; conversorHex7Seg ; work         ;
;    |conversorHex7Seg:DISPLAY4|   ; 0 (0)               ; 7 (7)                     ; 0           ; 0            ; 0       ; 0         ; 0    ; 0            ; |relogio|conversorHex7Seg:DISPLAY4     ; conversorHex7Seg ; work         ;
;    |conversorHex7Seg:DISPLAY5|   ; 0 (0)               ; 7 (7)                     ; 0           ; 0            ; 0       ; 0         ; 0    ; 0            ; |relogio|conversorHex7Seg:DISPLAY5     ; conversorHex7Seg ; work         ;
;    |conversorHex7Seg:DISPLAY6|   ; 0 (0)               ; 7 (7)                     ; 0           ; 0            ; 0       ; 0         ; 0    ; 0            ; |relogio|conversorHex7Seg:DISPLAY6     ; conversorHex7Seg ; work         ;
;    |conversorHex7Seg:DISPLAY7|   ; 0 (0)               ; 4 (4)                     ; 0           ; 0            ; 0       ; 0         ; 0    ; 0            ; |relogio|conversorHex7Seg:DISPLAY7     ; conversorHex7Seg ; work         ;
;    |cpu:CPU|                     ; 152 (7)             ; 17 (0)                    ; 0           ; 0            ; 0       ; 0         ; 0    ; 0            ; |relogio|cpu:CPU                       ; cpu              ; work         ;
;       |acumulador:ACUMULADOR|    ; 8 (8)               ; 8 (8)                     ; 0           ; 0            ; 0       ; 0         ; 0    ; 0            ; |relogio|cpu:CPU|acumulador:ACUMULADOR ; acumulador       ; work         ;
;       |flipflop:FLIPFLOP|        ; 1 (1)               ; 1 (1)                     ; 0           ; 0            ; 0       ; 0         ; 0    ; 0            ; |relogio|cpu:CPU|flipflop:FLIPFLOP     ; flipflop         ; work         ;
;       |mux2x1:MUXIMEDIATO|       ; 10 (10)             ; 0 (0)                     ; 0           ; 0            ; 0       ; 0         ; 0    ; 0            ; |relogio|cpu:CPU|mux2x1:MUXIMEDIATO    ; mux2x1           ; work         ;
;       |pc:PC|                    ; 8 (8)               ; 8 (8)                     ; 0           ; 0            ; 0       ; 0         ; 0    ; 0            ; |relogio|cpu:CPU|pc:PC                 ; pc               ; work         ;
;       |rom:ROM|                  ; 113 (113)           ; 0 (0)                     ; 0           ; 0            ; 0       ; 0         ; 0    ; 0            ; |relogio|cpu:CPU|rom:ROM               ; rom              ; work         ;
;       |ula:ULA|                  ; 5 (5)               ; 0 (0)                     ; 0           ; 0            ; 0       ; 0         ; 0    ; 0            ; |relogio|cpu:CPU|ula:ULA               ; ula              ; work         ;
;    |decoder:DE|                  ; 6 (6)               ; 0 (0)                     ; 0           ; 0            ; 0       ; 0         ; 0    ; 0            ; |relogio|decoder:DE                    ; decoder          ; work         ;
;    |divisorGenerico:BASE_TEMPO2| ; 26 (26)             ; 15 (15)                   ; 0           ; 0            ; 0       ; 0         ; 0    ; 0            ; |relogio|divisorGenerico:BASE_TEMPO2   ; divisorGenerico  ; work         ;
;    |divisorGenerico:BASE_TEMPO|  ; 49 (49)             ; 27 (27)                   ; 0           ; 0            ; 0       ; 0         ; 0    ; 0            ; |relogio|divisorGenerico:BASE_TEMPO    ; divisorGenerico  ; work         ;
;    |flipflopReset:FFreset|       ; 0 (0)               ; 1 (1)                     ; 0           ; 0            ; 0       ; 0         ; 0    ; 0            ; |relogio|flipflopReset:FFreset         ; flipflopReset    ; work         ;
;    |mux1bit:MUXBaseTempo|        ; 1 (1)               ; 0 (0)                     ; 0           ; 0            ; 0       ; 0         ; 0    ; 0            ; |relogio|mux1bit:MUXBaseTempo          ; mux1bit          ; work         ;
;    |ram:RAM|                     ; 1486 (1486)         ; 1792 (1792)               ; 0           ; 0            ; 0       ; 0         ; 0    ; 0            ; |relogio|ram:RAM                       ; ram              ; work         ;
+----------------------------------+---------------------+---------------------------+-------------+--------------+---------+-----------+------+--------------+----------------------------------------+------------------+--------------+
Note: For table entries with two numbers listed, the numbers in parentheses indicate the number of resources of the given type used by the specific entity alone. The numbers listed outside of parentheses indicate the total resources of the given type used by the specific entity and all of its sub-entities in the hierarchy.


+-----------------------------------------------------------------------------------+
; Registers Removed During Synthesis                                                ;
+------------------------------------------+----------------------------------------+
; Register name                            ; Reason for Removal                     ;
+------------------------------------------+----------------------------------------+
; conversorHex7Seg:DISPLAY7|saida7seg[6]   ; Stuck at VCC due to stuck port data_in ;
; conversorHex7Seg:DISPLAY7|saida7seg[1,2] ; Stuck at GND due to stuck port data_in ;
; Total Number of Removed Registers = 3    ;                                        ;
+------------------------------------------+----------------------------------------+


+------------------------------------------------------+
; General Register Statistics                          ;
+----------------------------------------------+-------+
; Statistic                                    ; Value ;
+----------------------------------------------+-------+
; Total registers                              ; 1898  ;
; Number of registers using Synchronous Clear  ; 8     ;
; Number of registers using Synchronous Load   ; 16    ;
; Number of registers using Asynchronous Clear ; 1     ;
; Number of registers using Asynchronous Load  ; 0     ;
; Number of registers using Clock Enable       ; 1842  ;
; Number of registers using Preset             ; 0     ;
+----------------------------------------------+-------+


+------------------------------------------------------------------------------------------------------------------------------------------------------------------+
; Multiplexer Restructuring Statistics (Restructuring Performed)                                                                                                   ;
+--------------------+-----------+---------------+----------------------+------------------------+------------+----------------------------------------------------+
; Multiplexer Inputs ; Bus Width ; Baseline Area ; Area if Restructured ; Saving if Restructured ; Registered ; Example Multiplexer Output                         ;
+--------------------+-----------+---------------+----------------------+------------------------+------------+----------------------------------------------------+
; 4:1                ; 8 bits    ; 16 LEs        ; 16 LEs               ; 0 LEs                  ; Yes        ; |relogio|cpu:CPU|acumulador:ACUMULADOR|DADOSOUT[4] ;
; 3:1                ; 7 bits    ; 14 LEs        ; 14 LEs               ; 0 LEs                  ; No         ; |relogio|cpu:CPU|mux2x1:MUXIMEDIATO|saida_MUX[6]   ;
+--------------------+-----------+---------------+----------------------+------------------------+------------+----------------------------------------------------+


+-------------------------------------------------------------------------+
; Parameter Settings for User Entity Instance: Top-level Entity: |relogio ;
+----------------------------+-------+------------------------------------+
; Parameter Name             ; Value ; Type                               ;
+----------------------------+-------+------------------------------------+
; larguraBarramentoEnderecos ; 8     ; Signed Integer                     ;
; larguraBarramentoDados     ; 8     ; Signed Integer                     ;
; quantidadeDisplays         ; 6     ; Signed Integer                     ;
; quantidadeChaves           ; 1     ; Signed Integer                     ;
+----------------------------+-------+------------------------------------+
Note: In order to hide this table in the UI and the text report file, please set the "Show Parameter Settings in Synthesis Report" option in "Analysis and Synthesis Settings -> More Settings" to "Off".


+------------------------------------------------------+
; Parameter Settings for User Entity Instance: cpu:CPU ;
+----------------------------+-------+-----------------+
; Parameter Name             ; Value ; Type            ;
+----------------------------+-------+-----------------+
; largurabarramentoenderecos ; 8     ; Signed Integer  ;
; largurabarramentodados     ; 8     ; Signed Integer  ;
+----------------------------+-------+-----------------+
Note: In order to hide this table in the UI and the text report file, please set the "Show Parameter Settings in Synthesis Report" option in "Analysis and Synthesis Settings -> More Settings" to "Off".


+----------------------------------------------------------------------------+
; Parameter Settings for User Entity Instance: cpu:CPU|acumulador:ACUMULADOR ;
+------------------------+-------+-------------------------------------------+
; Parameter Name         ; Value ; Type                                      ;
+------------------------+-------+-------------------------------------------+
; largurabarramentodados ; 8     ; Signed Integer                            ;
+------------------------+-------+-------------------------------------------+
Note: In order to hide this table in the UI and the text report file, please set the "Show Parameter Settings in Synthesis Report" option in "Analysis and Synthesis Settings -> More Settings" to "Off".


+--------------------------------------------------------------+
; Parameter Settings for User Entity Instance: cpu:CPU|rom:ROM ;
+----------------+-------+-------------------------------------+
; Parameter Name ; Value ; Type                                ;
+----------------+-------+-------------------------------------+
; instrucwidth   ; 18    ; Signed Integer                      ;
; addrwidth      ; 8     ; Signed Integer                      ;
+----------------+-------+-------------------------------------+
Note: In order to hide this table in the UI and the text report file, please set the "Show Parameter Settings in Synthesis Report" option in "Analysis and Synthesis Settings -> More Settings" to "Off".


+-------------------------------------------------------------------------+
; Parameter Settings for User Entity Instance: cpu:CPU|mux2x1:MUXIMEDIATO ;
+----------------+-------+------------------------------------------------+
; Parameter Name ; Value ; Type                                           ;
+----------------+-------+------------------------------------------------+
; larguradados   ; 8     ; Signed Integer                                 ;
+----------------+-------+------------------------------------------------+
Note: In order to hide this table in the UI and the text report file, please set the "Show Parameter Settings in Synthesis Report" option in "Analysis and Synthesis Settings -> More Settings" to "Off".


+----------------------------------------------------------------------+
; Parameter Settings for User Entity Instance: cpu:CPU|somador:SOMADOR ;
+----------------------------+-------+---------------------------------+
; Parameter Name             ; Value ; Type                            ;
+----------------------------+-------+---------------------------------+
; largurabarramentoenderecos ; 8     ; Signed Integer                  ;
; incremento                 ; 1     ; Signed Integer                  ;
+----------------------------+-------+---------------------------------+
Note: In order to hide this table in the UI and the text report file, please set the "Show Parameter Settings in Synthesis Report" option in "Analysis and Synthesis Settings -> More Settings" to "Off".


+---------------------------------------------------------------------+
; Parameter Settings for User Entity Instance: cpu:CPU|mux2x1:MUXJUMP ;
+----------------+-------+--------------------------------------------+
; Parameter Name ; Value ; Type                                       ;
+----------------+-------+--------------------------------------------+
; larguradados   ; 8     ; Signed Integer                             ;
+----------------+-------+--------------------------------------------+
Note: In order to hide this table in the UI and the text report file, please set the "Show Parameter Settings in Synthesis Report" option in "Analysis and Synthesis Settings -> More Settings" to "Off".


+------------------------------------------------------------+
; Parameter Settings for User Entity Instance: cpu:CPU|pc:PC ;
+------------------------+-------+---------------------------+
; Parameter Name         ; Value ; Type                      ;
+------------------------+-------+---------------------------+
; largurabarramentodados ; 8     ; Signed Integer            ;
+------------------------+-------+---------------------------+
Note: In order to hide this table in the UI and the text report file, please set the "Show Parameter Settings in Synthesis Report" option in "Analysis and Synthesis Settings -> More Settings" to "Off".


+--------------------------------------------------------------+
; Parameter Settings for User Entity Instance: cpu:CPU|ula:ULA ;
+------------------------+-------+-----------------------------+
; Parameter Name         ; Value ; Type                        ;
+------------------------+-------+-----------------------------+
; largurabarramentodados ; 8     ; Signed Integer              ;
+------------------------+-------+-----------------------------+
Note: In order to hide this table in the UI and the text report file, please set the "Show Parameter Settings in Synthesis Report" option in "Analysis and Synthesis Settings -> More Settings" to "Off".


+------------------------------------------------------+
; Parameter Settings for User Entity Instance: ram:RAM ;
+---------------------+-------+------------------------+
; Parameter Name      ; Value ; Type                   ;
+---------------------+-------+------------------------+
; larguradados        ; 8     ; Signed Integer         ;
; larguraendbancoregs ; 8     ; Signed Integer         ;
+---------------------+-------+------------------------+
Note: In order to hide this table in the UI and the text report file, please set the "Show Parameter Settings in Synthesis Report" option in "Analysis and Synthesis Settings -> More Settings" to "Off".


+-------------------------------------------------------------------------+
; Parameter Settings for User Entity Instance: divisorGenerico:BASE_TEMPO ;
+----------------+----------+---------------------------------------------+
; Parameter Name ; Value    ; Type                                        ;
+----------------+----------+---------------------------------------------+
; divisor        ; 50000000 ; Signed Integer                              ;
+----------------+----------+---------------------------------------------+
Note: In order to hide this table in the UI and the text report file, please set the "Show Parameter Settings in Synthesis Report" option in "Analysis and Synthesis Settings -> More Settings" to "Off".


+--------------------------------------------------------------------------+
; Parameter Settings for User Entity Instance: divisorGenerico:BASE_TEMPO2 ;
+----------------+-------+-------------------------------------------------+
; Parameter Name ; Value ; Type                                            ;
+----------------+-------+-------------------------------------------------+
; divisor        ; 10000 ; Signed Integer                                  ;
+----------------+-------+-------------------------------------------------+
Note: In order to hide this table in the UI and the text report file, please set the "Show Parameter Settings in Synthesis Report" option in "Analysis and Synthesis Settings -> More Settings" to "Off".


+---------------------------------------------------+
; Port Connectivity Checks: "flipflopReset:FFreset" ;
+------+-------+----------+-------------------------+
; Port ; Type  ; Severity ; Details                 ;
+------+-------+----------+-------------------------+
; d    ; Input ; Info     ; Stuck at VCC            ;
+------+-------+----------+-------------------------+


+------------------------------------------------+
; Port Connectivity Checks: "mux1bit:MUXBtRam"   ;
+--------------+-------+----------+--------------+
; Port         ; Type  ; Severity ; Details      ;
+--------------+-------+----------+--------------+
; entradaa_mux ; Input ; Info     ; Stuck at GND ;
+--------------+-------+----------+--------------+


+--------------------------------------------------------------------------------------------------------------------+
; Port Connectivity Checks: "ram:RAM"                                                                                ;
+----------+--------+----------+-------------------------------------------------------------------------------------+
; Port     ; Type   ; Severity ; Details                                                                             ;
+----------+--------+----------+-------------------------------------------------------------------------------------+
; saida[7] ; Output ; Info     ; Connected to dangling logic. Logic that only feeds a dangling port will be removed. ;
+----------+--------+----------+-------------------------------------------------------------------------------------+


+-------------------------------------------------------+
; Port Connectivity Checks: "conversorHex7Seg:DISPLAY7" ;
+--------+-------+----------+---------------------------+
; Port   ; Type  ; Severity ; Details                   ;
+--------+-------+----------+---------------------------+
; enable ; Input ; Info     ; Stuck at VCC              ;
+--------+-------+----------+---------------------------+


+-----------------------------------------------------+
; Post-Synthesis Netlist Statistics for Top Partition ;
+-----------------------+-----------------------------+
; Type                  ; Count                       ;
+-----------------------+-----------------------------+
; boundary_port         ; 76                          ;
; cycloneiii_ff         ; 1898                        ;
;     CLR               ; 1                           ;
;     ENA               ; 1834                        ;
;     ENA SCLR SLD      ; 8                           ;
;     SLD               ; 8                           ;
;     plain             ; 47                          ;
; cycloneiii_lcell_comb ; 1729                        ;
;     arith             ; 52                          ;
;         2 data inputs ; 45                          ;
;         3 data inputs ; 7                           ;
;     normal            ; 1677                        ;
;         0 data inputs ; 2                           ;
;         1 data inputs ; 3                           ;
;         2 data inputs ; 32                          ;
;         3 data inputs ; 277                         ;
;         4 data inputs ; 1363                        ;
;                       ;                             ;
; Max LUT depth         ; 16.00                       ;
; Average LUT depth     ; 10.77                       ;
+-----------------------+-----------------------------+


+-------------------------------+
; Elapsed Time Per Partition    ;
+----------------+--------------+
; Partition Name ; Elapsed Time ;
+----------------+--------------+
; Top            ; 00:00:05     ;
+----------------+--------------+


+-------------------------------+
; Analysis & Synthesis Messages ;
+-------------------------------+
Info: *******************************************************************
Info: Running Quartus Prime Analysis & Synthesis
    Info: Version 18.1.0 Build 625 09/12/2018 SJ Lite Edition
    Info: Processing started: Tue Oct 15 16:04:53 2019
Info: Command: quartus_map --read_settings_files=on --write_settings_files=off relogio -c relogio
Info (20032): Parallel compilation is enabled and will use up to 4 processors
Info (12021): Found 2 design units, including 1 entities, in source file conversorHex7Seg.vhd
    Info (12022): Found design unit 1: conversorHex7Seg-comportamento File: /home/arqcomp/Documents/Project_Clock/vhdl/conversorHex7Seg.vhd Line: 16
    Info (12023): Found entity 1: conversorHex7Seg File: /home/arqcomp/Documents/Project_Clock/vhdl/conversorHex7Seg.vhd Line: 4
Info (12021): Found 2 design units, including 1 entities, in source file decoder.vhd
    Info (12022): Found design unit 1: decoder-comportamento File: /home/arqcomp/Documents/Project_Clock/vhdl/decoder.vhd Line: 24
    Info (12023): Found entity 1: decoder File: /home/arqcomp/Documents/Project_Clock/vhdl/decoder.vhd Line: 5
Info (12021): Found 2 design units, including 1 entities, in source file relogio.vhd
    Info (12022): Found design unit 1: relogio-estrutural File: /home/arqcomp/Documents/Project_Clock/vhdl/relogio.vhd Line: 26
    Info (12023): Found entity 1: relogio File: /home/arqcomp/Documents/Project_Clock/vhdl/relogio.vhd Line: 4
Info (12021): Found 2 design units, including 1 entities, in source file pc.vhd
    Info (12022): Found design unit 1: pc-arch File: /home/arqcomp/Documents/Project_Clock/vhdl/pc.vhd Line: 17
    Info (12023): Found entity 1: pc File: /home/arqcomp/Documents/Project_Clock/vhdl/pc.vhd Line: 6
Info (12021): Found 2 design units, including 1 entities, in source file ula.vhd
    Info (12022): Found design unit 1: ULA-functions File: /home/arqcomp/Documents/Project_Clock/vhdl/ula.vhd Line: 27
    Info (12023): Found entity 1: ula File: /home/arqcomp/Documents/Project_Clock/vhdl/ula.vhd Line: 7
Info (12021): Found 2 design units, including 1 entities, in source file somador.vhd
    Info (12022): Found design unit 1: somador-comportamento File: /home/arqcomp/Documents/Project_Clock/vhdl/somador.vhd Line: 18
    Info (12023): Found entity 1: somador File: /home/arqcomp/Documents/Project_Clock/vhdl/somador.vhd Line: 5
Info (12021): Found 2 design units, including 1 entities, in source file mux.vhd
    Info (12022): Found design unit 1: mux2x1-comportamento File: /home/arqcomp/Documents/Project_Clock/vhdl/mux.vhd Line: 18
    Info (12023): Found entity 1: mux2x1 File: /home/arqcomp/Documents/Project_Clock/vhdl/mux.vhd Line: 4
Info (12021): Found 2 design units, including 1 entities, in source file flipflop.vhd
    Info (12022): Found design unit 1: flipflop-comportamento File: /home/arqcomp/Documents/Project_Clock/vhdl/flipflop.vhd Line: 13
    Info (12023): Found entity 1: flipflop File: /home/arqcomp/Documents/Project_Clock/vhdl/flipflop.vhd Line: 4
Info (12021): Found 2 design units, including 1 entities, in source file cpu.vhd
    Info (12022): Found design unit 1: cpu-estrutural File: /home/arqcomp/Documents/Project_Clock/vhdl/cpu.vhd Line: 28
    Info (12023): Found entity 1: cpu File: /home/arqcomp/Documents/Project_Clock/vhdl/cpu.vhd Line: 9
Info (12021): Found 2 design units, including 1 entities, in source file acumulador.vhd
    Info (12022): Found design unit 1: acumulador-comportamento File: /home/arqcomp/Documents/Project_Clock/vhdl/acumulador.vhd Line: 16
    Info (12023): Found entity 1: acumulador File: /home/arqcomp/Documents/Project_Clock/vhdl/acumulador.vhd Line: 4
Info (12021): Found 2 design units, including 1 entities, in source file rom.vhd
    Info (12022): Found design unit 1: rom-initFileROM File: /home/arqcomp/Documents/Project_Clock/vhdl/rom.vhd Line: 19
    Info (12023): Found entity 1: rom File: /home/arqcomp/Documents/Project_Clock/vhdl/rom.vhd Line: 5
Info (12021): Found 2 design units, including 1 entities, in source file ram.vhd
    Info (12022): Found design unit 1: ram-comportamento File: /home/arqcomp/Documents/Project_Clock/vhdl/ram.vhd Line: 30
    Info (12023): Found entity 1: ram File: /home/arqcomp/Documents/Project_Clock/vhdl/ram.vhd Line: 7
Info (12021): Found 2 design units, including 1 entities, in source file divisorGenerico.vhd
    Info (12022): Found design unit 1: divisorGenerico-divInteiro File: /home/arqcomp/Documents/Project_Clock/vhdl/divisorGenerico.vhd Line: 21
    Info (12023): Found entity 1: divisorGenerico File: /home/arqcomp/Documents/Project_Clock/vhdl/divisorGenerico.vhd Line: 5
Info (12021): Found 2 design units, including 1 entities, in source file TESTEdivisor.vhd
    Info (12022): Found design unit 1: TESTEdivisor-arc_TESTEdivisor File: /home/arqcomp/Documents/Project_Clock/vhdl/TESTEdivisor.vhd Line: 24
    Info (12023): Found entity 1: TESTEdivisor File: /home/arqcomp/Documents/Project_Clock/vhdl/TESTEdivisor.vhd Line: 5
Info (12021): Found 2 design units, including 1 entities, in source file teste_intermediario.vhd
    Info (12022): Found design unit 1: teste_intermediario-arch File: /home/arqcomp/Documents/Project_Clock/vhdl/teste_intermediario.vhd Line: 17
    Info (12023): Found entity 1: teste_intermediario File: /home/arqcomp/Documents/Project_Clock/vhdl/teste_intermediario.vhd Line: 6
Info (12021): Found 2 design units, including 1 entities, in source file flipflopReset.vhd
    Info (12022): Found design unit 1: flipflopReset-comportamento File: /home/arqcomp/Documents/Project_Clock/vhdl/flipflopReset.vhd Line: 13
    Info (12023): Found entity 1: flipflopReset File: /home/arqcomp/Documents/Project_Clock/vhdl/flipflopReset.vhd Line: 4
Info (12021): Found 2 design units, including 1 entities, in source file mux1bit.vhd
    Info (12022): Found design unit 1: mux1bit-comportamento File: /home/arqcomp/Documents/Project_Clock/vhdl/mux1bit.vhd Line: 15
    Info (12023): Found entity 1: mux1bit File: /home/arqcomp/Documents/Project_Clock/vhdl/mux1bit.vhd Line: 4
Info (12127): Elaborating entity "relogio" for the top level hierarchy
Info (12128): Elaborating entity "cpu" for hierarchy "cpu:CPU" File: /home/arqcomp/Documents/Project_Clock/vhdl/relogio.vhd Line: 67
Info (12128): Elaborating entity "acumulador" for hierarchy "cpu:CPU|acumulador:ACUMULADOR" File: /home/arqcomp/Documents/Project_Clock/vhdl/cpu.vhd Line: 40
Info (12128): Elaborating entity "rom" for hierarchy "cpu:CPU|rom:ROM" File: /home/arqcomp/Documents/Project_Clock/vhdl/cpu.vhd Line: 51
Warning (10541): VHDL Signal Declaration warning at rom.vhd(22): used implicit default value for signal "content" because signal was never assigned a value or an explicit default value. Use of implicit default value may introduce unintended design optimizations. File: /home/arqcomp/Documents/Project_Clock/vhdl/rom.vhd Line: 22
Info (12128): Elaborating entity "mux2x1" for hierarchy "cpu:CPU|mux2x1:MUXIMEDIATO" File: /home/arqcomp/Documents/Project_Clock/vhdl/cpu.vhd Line: 61
Info (12128): Elaborating entity "flipflop" for hierarchy "cpu:CPU|flipflop:FLIPFLOP" File: /home/arqcomp/Documents/Project_Clock/vhdl/cpu.vhd Line: 73
Info (12128): Elaborating entity "somador" for hierarchy "cpu:CPU|somador:SOMADOR" File: /home/arqcomp/Documents/Project_Clock/vhdl/cpu.vhd Line: 83
Info (12128): Elaborating entity "pc" for hierarchy "cpu:CPU|pc:PC" File: /home/arqcomp/Documents/Project_Clock/vhdl/cpu.vhd Line: 104
Info (12128): Elaborating entity "ula" for hierarchy "cpu:CPU|ula:ULA" File: /home/arqcomp/Documents/Project_Clock/vhdl/cpu.vhd Line: 113
Info (12128): Elaborating entity "decoder" for hierarchy "decoder:DE" File: /home/arqcomp/Documents/Project_Clock/vhdl/relogio.vhd Line: 84
Info (12128): Elaborating entity "conversorHex7Seg" for hierarchy "conversorHex7Seg:DISPLAY1" File: /home/arqcomp/Documents/Project_Clock/vhdl/relogio.vhd Line: 97
Info (12128): Elaborating entity "ram" for hierarchy "ram:RAM" File: /home/arqcomp/Documents/Project_Clock/vhdl/relogio.vhd Line: 160
Info (12128): Elaborating entity "divisorGenerico" for hierarchy "divisorGenerico:BASE_TEMPO" File: /home/arqcomp/Documents/Project_Clock/vhdl/relogio.vhd Line: 173
Info (12128): Elaborating entity "divisorGenerico" for hierarchy "divisorGenerico:BASE_TEMPO2" File: /home/arqcomp/Documents/Project_Clock/vhdl/relogio.vhd Line: 180
Info (12128): Elaborating entity "mux1bit" for hierarchy "mux1bit:MUXBaseTempo" File: /home/arqcomp/Documents/Project_Clock/vhdl/relogio.vhd Line: 192
Info (12128): Elaborating entity "flipflopReset" for hierarchy "flipflopReset:FFreset" File: /home/arqcomp/Documents/Project_Clock/vhdl/relogio.vhd Line: 224
Warning (10492): VHDL Process Statement warning at flipflopReset.vhd(17): signal "reset" is read inside the Process Statement but isn't in the Process Statement's sensitivity list File: /home/arqcomp/Documents/Project_Clock/vhdl/flipflopReset.vhd Line: 17
Warning (19016): Clock multiplexers are found and protected
    Warning (19017): Found clock multiplexer mux1bit:MUXBaseTempo|saida_MUX File: /home/arqcomp/Documents/Project_Clock/vhdl/mux1bit.vhd Line: 11
Info (276014): Found 1 instances of uninferred RAM logic
    Info (276007): RAM logic "ram:RAM|registrador" is uninferred due to asynchronous read logic File: /home/arqcomp/Documents/Project_Clock/vhdl/ram.vhd Line: 36
Warning (113028): 170 out of 256 addresses are uninitialized. The Quartus Prime software will initialize them to "0". There are 1 warnings found, and 1 warnings are reported. File: /home/arqcomp/Documents/Project_Clock/vhdl/RomInit.mif Line: 1
    Warning (113027): Addresses ranging from 86 to 255 are not initialized File: /home/arqcomp/Documents/Project_Clock/vhdl/RomInit.mif Line: 1
Warning (13024): Output pins are stuck at VCC or GND
    Warning (13410): Pin "HEX6[1]" is stuck at GND File: /home/arqcomp/Documents/Project_Clock/vhdl/relogio.vhd Line: 22
    Warning (13410): Pin "HEX6[2]" is stuck at GND File: /home/arqcomp/Documents/Project_Clock/vhdl/relogio.vhd Line: 22
    Warning (13410): Pin "HEX6[6]" is stuck at VCC File: /home/arqcomp/Documents/Project_Clock/vhdl/relogio.vhd Line: 22
Info (286030): Timing-Driven Synthesis is running
Info (16010): Generating hard_block partition "hard_block:auto_generated_inst"
    Info (16011): Adding 0 node(s), including 0 DDIO, 0 PLL, 0 transceiver and 0 LCELL
Warning (21074): Design contains 17 input pin(s) that do not drive logic
    Warning (15610): No output dependent on input pin "SW[1]" File: /home/arqcomp/Documents/Project_Clock/vhdl/relogio.vhd Line: 19
    Warning (15610): No output dependent on input pin "SW[2]" File: /home/arqcomp/Documents/Project_Clock/vhdl/relogio.vhd Line: 19
    Warning (15610): No output dependent on input pin "SW[3]" File: /home/arqcomp/Documents/Project_Clock/vhdl/relogio.vhd Line: 19
    Warning (15610): No output dependent on input pin "SW[4]" File: /home/arqcomp/Documents/Project_Clock/vhdl/relogio.vhd Line: 19
    Warning (15610): No output dependent on input pin "SW[5]" File: /home/arqcomp/Documents/Project_Clock/vhdl/relogio.vhd Line: 19
    Warning (15610): No output dependent on input pin "SW[6]" File: /home/arqcomp/Documents/Project_Clock/vhdl/relogio.vhd Line: 19
    Warning (15610): No output dependent on input pin "SW[7]" File: /home/arqcomp/Documents/Project_Clock/vhdl/relogio.vhd Line: 19
    Warning (15610): No output dependent on input pin "SW[8]" File: /home/arqcomp/Documents/Project_Clock/vhdl/relogio.vhd Line: 19
    Warning (15610): No output dependent on input pin "SW[9]" File: /home/arqcomp/Documents/Project_Clock/vhdl/relogio.vhd Line: 19
    Warning (15610): No output dependent on input pin "SW[10]" File: /home/arqcomp/Documents/Project_Clock/vhdl/relogio.vhd Line: 19
    Warning (15610): No output dependent on input pin "SW[11]" File: /home/arqcomp/Documents/Project_Clock/vhdl/relogio.vhd Line: 19
    Warning (15610): No output dependent on input pin "SW[12]" File: /home/arqcomp/Documents/Project_Clock/vhdl/relogio.vhd Line: 19
    Warning (15610): No output dependent on input pin "SW[13]" File: /home/arqcomp/Documents/Project_Clock/vhdl/relogio.vhd Line: 19
    Warning (15610): No output dependent on input pin "SW[14]" File: /home/arqcomp/Documents/Project_Clock/vhdl/relogio.vhd Line: 19
    Warning (15610): No output dependent on input pin "SW[15]" File: /home/arqcomp/Documents/Project_Clock/vhdl/relogio.vhd Line: 19
    Warning (15610): No output dependent on input pin "SW[16]" File: /home/arqcomp/Documents/Project_Clock/vhdl/relogio.vhd Line: 19
    Warning (15610): No output dependent on input pin "SW[17]" File: /home/arqcomp/Documents/Project_Clock/vhdl/relogio.vhd Line: 19
Info (21057): Implemented 3642 device resources after synthesis - the final resource count might be different
    Info (21058): Implemented 19 input pins
    Info (21059): Implemented 57 output pins
    Info (21061): Implemented 3566 logic cells
Info: Quartus Prime Analysis & Synthesis was successful. 0 errors, 28 warnings
    Info: Peak virtual memory: 1016 megabytes
    Info: Processing ended: Tue Oct 15 16:05:07 2019
    Info: Elapsed time: 00:00:14
    Info: Total CPU time (on all processors): 00:00:25


